// Jest Snapshot v1, https://goo.gl/fbAQLP

exports[`createAssessmentEntity properties transferred 1`] = `
{
  "_class": [
    "Assessment",
  ],
  "_key": "/subscriptions/d3803fd6-2ba4-4286-80aa-f3d613ad59a7/resourcegroups/j1dev/providers/microsoft.storage/storageaccounts/ndowmon1j1devblobstorage/providers/Microsoft.Security/assessments/51fd8bb1-0db4-bbf1-7e2b-cfcba7eb66a6",
  "_rawData": [
    {
      "name": "default",
      "rawData": {
        "displayName": "Storage account public access should be disallowed",
        "id": "/subscriptions/d3803fd6-2ba4-4286-80aa-f3d613ad59a7/resourcegroups/j1dev/providers/microsoft.storage/storageaccounts/ndowmon1j1devblobstorage/providers/Microsoft.Security/assessments/51fd8bb1-0db4-bbf1-7e2b-cfcba7eb66a6",
        "name": "51fd8bb1-0db4-bbf1-7e2b-cfcba7eb66a6",
        "resourceDetails": {
          "Id": "/subscriptions/d3803fd6-2ba4-4286-80aa-f3d613ad59a7/resourcegroups/j1dev/providers/microsoft.storage/storageaccounts/ndowmon1j1devblobstorage",
          "Source": "Azure",
        },
        "status": {
          "code": "Unhealthy",
        },
        "type": "Microsoft.Security/assessments",
      },
    },
  ],
  "_type": "azure_security_assessment",
  "active": undefined,
  "category": "Security Assessment",
  "createdOn": undefined,
  "displayName": "Storage account public access should be disallowed",
  "id": "/subscriptions/d3803fd6-2ba4-4286-80aa-f3d613ad59a7/resourcegroups/j1dev/providers/microsoft.storage/storageaccounts/ndowmon1j1devblobstorage/providers/Microsoft.Security/assessments/51fd8bb1-0db4-bbf1-7e2b-cfcba7eb66a6",
  "internal": true,
  "name": "51fd8bb1-0db4-bbf1-7e2b-cfcba7eb66a6",
  "resourceDetails.id": "/subscriptions/d3803fd6-2ba4-4286-80aa-f3d613ad59a7/resourcegroups/j1dev/providers/microsoft.storage/storageaccounts/ndowmon1j1devblobstorage",
  "resourceDetails.source": "Azure",
  "scannedResourceId": "/subscriptions/d3803fd6-2ba4-4286-80aa-f3d613ad59a7/resourcegroups/j1dev/providers/microsoft.storage/storageaccounts/ndowmon1j1devblobstorage",
  "statusCause": undefined,
  "statusCode": "Unhealthy",
  "statusDescription": undefined,
  "summary": "Storage account public access should be disallowed",
  "type": "Microsoft.Security/assessments",
  "webLink": "https://portal.azure.com/#@something.onmicrosoft.com/resource/subscriptions/d3803fd6-2ba4-4286-80aa-f3d613ad59a7/resourcegroups/j1dev/providers/microsoft.storage/storageaccounts/ndowmon1j1devblobstorage/providers/Microsoft.Security/assessments/51fd8bb1-0db4-bbf1-7e2b-cfcba7eb66a6",
}
`;

exports[`createSecurityContactEntity properties transferred 1`] = `
{
  "_class": [
    "Resource",
  ],
  "_key": "/subscriptions/20ff7fc3-e762-44dd-bd96-b71116dcdc23/providers/Microsoft.Security/securityContacts/default2",
  "_rawData": [
    {
      "name": "default",
      "rawData": {
        "alertNotifications": "On",
        "alertsToAdmins": "On",
        "email": "chen@contoso.com",
        "id": "/subscriptions/20ff7fc3-e762-44dd-bd96-b71116dcdc23/providers/Microsoft.Security/securityContacts/default2",
        "name": "default2",
        "type": "Microsoft.Security/securityContacts",
      },
    },
  ],
  "_type": "azure_security_center_contact",
  "alertNotifications": "On",
  "alertsToAdmins": "On",
  "createdOn": undefined,
  "displayName": "default2",
  "email": "chen@contoso.com",
  "id": "/subscriptions/20ff7fc3-e762-44dd-bd96-b71116dcdc23/providers/Microsoft.Security/securityContacts/default2",
  "name": "default2",
  "phone": undefined,
  "webLink": "https://portal.azure.com/#@something.onmicrosoft.com/resource/subscriptions/20ff7fc3-e762-44dd-bd96-b71116dcdc23/providers/Microsoft.Security/securityContacts/default2",
}
`;
