// Jest Snapshot v1, https://goo.gl/fbAQLP

exports[` 1`] = `
{
  "linkedServerId": "/subscriptions/40474ebe-55a2-4071-8fa8-b610acdd8e56/resourceGroups/j1dev/providers/Microsoft.Cache/Redis/keionned-j1dev-primary-redis-cache/linkedServers/keionned-j1dev-secondary-redis-cache",
  "primaryCacheId": "/subscriptions/40474ebe-55a2-4071-8fa8-b610acdd8e56/resourceGroups/j1dev/providers/Microsoft.Cache/Redis/keionned-j1dev-primary-redis-cache",
  "primaryCacheName": "keionned-j1dev-primary-redis-cache",
  "provisioningState": "Succeeded",
  "secondaryCacheId": "/subscriptions/40474ebe-55a2-4071-8fa8-b610acdd8e56/resourceGroups/j1dev-secondary-redis-cache-resource-group/providers/Microsoft.Cache/Redis/keionned-j1dev-secondary-redis-cache",
  "secondaryCacheLocation": "West US",
  "secondaryCacheName": "keionned-j1dev-secondary-redis-cache",
  "type": "Microsoft.Cache/Redis/linkedServers",
  "webLink": "https://portal.azure.com/#@something.onmicrosoft.com/resource/subscriptions/40474ebe-55a2-4071-8fa8-b610acdd8e56/resourceGroups/j1dev/providers/Microsoft.Cache/Redis/keionned-j1dev-primary-redis-cache/linkedServers/keionned-j1dev-secondary-redis-cache",
}
`;

exports[`createRedisCacheEntity properties transferred 1`] = `
{
  "_class": [
    "Database",
    "DataStore",
    "Cluster",
  ],
  "_key": "/subscriptions/40474ebe-55a2-4071-8fa8-b610acdd8e56/resourceGroups/j1dev/providers/Microsoft.Cache/Redis/keionned-j1dev-redis-cache",
  "_rawData": [
    {
      "name": "default",
      "rawData": {
        "accessKeys": undefined,
        "enableNonSslPort": false,
        "hostName": "keionned-j1dev-redis-cache.redis.cache.windows.net",
        "id": "/subscriptions/40474ebe-55a2-4071-8fa8-b610acdd8e56/resourceGroups/j1dev/providers/Microsoft.Cache/Redis/keionned-j1dev-redis-cache",
        "instances": [
          {
            "isMaster": true,
            "sslPort": 15000,
          },
          {
            "isMaster": false,
            "sslPort": 15001,
          },
        ],
        "linkedServers": [],
        "location": "East US",
        "minimumTlsVersion": "1.2",
        "name": "keionned-j1dev-redis-cache",
        "port": 6379,
        "provisioningState": "Succeeded",
        "redisConfiguration": {
          "maxclients": "2000",
          "maxfragmentationmemory-reserved": "125",
          "maxmemory-delta": "100",
          "maxmemory-reserved": "100",
        },
        "redisVersion": "4.0.14",
        "sku": {
          "capacity": 2,
          "family": "C",
          "name": "Standard",
        },
        "sslPort": 6380,
        "tags": {},
        "type": "Microsoft.Cache/Redis",
      },
    },
  ],
  "_type": "azure_redis_cache",
  "classification": null,
  "createdOn": undefined,
  "displayName": "keionned-j1dev-redis-cache",
  "enableNonSslPort": false,
  "encrypted": null,
  "hostName": "keionned-j1dev-redis-cache.redis.cache.windows.net",
  "id": "/subscriptions/40474ebe-55a2-4071-8fa8-b610acdd8e56/resourceGroups/j1dev/providers/Microsoft.Cache/Redis/keionned-j1dev-redis-cache",
  "location": "East US",
  "minimumTlsVersion": "1.2",
  "name": "keionned-j1dev-redis-cache",
  "port": 6379,
  "provisioningState": "Succeeded",
  "redisVersion": "4.0.14",
  "sslPort": 6380,
  "type": "Microsoft.Cache/Redis",
  "webLink": "https://portal.azure.com/#@something.onmicrosoft.com/resource/subscriptions/40474ebe-55a2-4071-8fa8-b610acdd8e56/resourceGroups/j1dev/providers/Microsoft.Cache/Redis/keionned-j1dev-redis-cache",
}
`;

exports[`createRedisFirewallRuleEntity properties transferred 1`] = `
{
  "_class": [
    "Firewall",
  ],
  "_key": "/subscriptions/40474ebe-55a2-4071-8fa8-b610acdd8e56/resourceGroups/j1dev/providers/Microsoft.Cache/Redis/keionned-j1dev-redis-cache/firewallRules/j1dev_redis_cache_firewall_rule",
  "_rawData": [
    {
      "name": "default",
      "rawData": {
        "endIP": "2.3.4.5",
        "id": "/subscriptions/40474ebe-55a2-4071-8fa8-b610acdd8e56/resourceGroups/j1dev/providers/Microsoft.Cache/Redis/keionned-j1dev-redis-cache/firewallRules/j1dev_redis_cache_firewall_rule",
        "name": "keionned-j1dev-redis-cache/j1dev_redis_cache_firewall_rule",
        "startIP": "1.2.3.4",
        "type": "Microsoft.Cache/Redis/firewallRules",
      },
    },
  ],
  "_type": "azure_firewall_rule",
  "category": [
    "host",
  ],
  "createdOn": undefined,
  "displayName": "keionned-j1dev-redis-cache/j1dev_redis_cache_firewall_rule",
  "endIp": "2.3.4.5",
  "id": "/subscriptions/40474ebe-55a2-4071-8fa8-b610acdd8e56/resourceGroups/j1dev/providers/Microsoft.Cache/Redis/keionned-j1dev-redis-cache/firewallRules/j1dev_redis_cache_firewall_rule",
  "ipRangeEnd": "2.3.4.5",
  "ipRangeStart": "1.2.3.4",
  "isStateful": false,
  "name": "keionned-j1dev-redis-cache/j1dev_redis_cache_firewall_rule",
  "startIp": "1.2.3.4",
  "type": "Microsoft.Cache/Redis/firewallRules",
  "webLink": "https://portal.azure.com/#@something.onmicrosoft.com/resource/subscriptions/40474ebe-55a2-4071-8fa8-b610acdd8e56/resourceGroups/j1dev/providers/Microsoft.Cache/Redis/keionned-j1dev-redis-cache/firewallRules/j1dev_redis_cache_firewall_rule",
}
`;
