// Jest Snapshot v1, https://goo.gl/fbAQLP

exports[`createRecommendationEntity properties transferred 1`] = `
{
  "_class": [
    "Finding",
  ],
  "_key": "/subscriptions/d3803fd6-2ba4-4286-80aa-f3d613ad59a7/resourcegroups/j1dev/providers/microsoft.keyvault/vaults/ndowmon1-j1dev/providers/Microsoft.Advisor/recommendations/55c89362-b09e-3290-9517-b1441e537514",
  "_rawData": [
    {
      "name": "default",
      "rawData": {
        "category": "Security",
        "extendedProperties": {
          "assessmentKey": "88bbc99c-e5af-ddd7-6105-6150b2bfa519",
          "score": "5",
        },
        "id": "/subscriptions/d3803fd6-2ba4-4286-80aa-f3d613ad59a7/resourcegroups/j1dev/providers/microsoft.keyvault/vaults/ndowmon1-j1dev/providers/Microsoft.Advisor/recommendations/55c89362-b09e-3290-9517-b1441e537514",
        "impact": "Low",
        "impactedField": "Microsoft.KeyVault/vaults",
        "impactedValue": "ndowmon1-j1dev",
        "lastUpdated": 2020-10-08T13:53:03.299Z,
        "name": "55c89362-b09e-3290-9517-b1441e537514",
        "recommendationTypeId": "88bbc99c-e5af-ddd7-6105-6150b2bfa519",
        "resourceMetadata": {
          "resourceId": "/subscriptions/d3803fd6-2ba4-4286-80aa-f3d613ad59a7/resourcegroups/j1dev/providers/microsoft.keyvault/vaults/ndowmon1-j1dev",
          "source": "/subscriptions/d3803fd6-2ba4-4286-80aa-f3d613ad59a7/resourcegroups/j1dev/providers/microsoft.keyvault/vaults/ndowmon1-j1dev/providers/Microsoft.Security/assessments/88bbc99c-e5af-ddd7-6105-6150b2bfa519",
        },
        "shortDescription": {
          "problem": "Diagnostic logs in Key Vault should be enabled",
          "solution": "Diagnostic logs in Key Vault should be enabled",
        },
        "type": "Microsoft.Advisor/recommendations",
      },
    },
  ],
  "_type": "azure_advisor_recommendation",
  "assessment": "88bbc99c-e5af-ddd7-6105-6150b2bfa519",
  "category": "Security",
  "createdOn": undefined,
  "displayName": "Diagnostic logs in Key Vault should be enabled",
  "id": "/subscriptions/d3803fd6-2ba4-4286-80aa-f3d613ad59a7/resourcegroups/j1dev/providers/microsoft.keyvault/vaults/ndowmon1-j1dev/providers/Microsoft.Advisor/recommendations/55c89362-b09e-3290-9517-b1441e537514",
  "impact": "low",
  "impactedField": "Microsoft.KeyVault/vaults",
  "impactedValue": "ndowmon1-j1dev",
  "name": "Diagnostic logs in Key Vault should be enabled",
  "numericSeverity": 1,
  "open": true,
  "recommendation": "Diagnostic logs in Key Vault should be enabled",
  "recommendationTypeId": "88bbc99c-e5af-ddd7-6105-6150b2bfa519",
  "resourceId": "/subscriptions/d3803fd6-2ba4-4286-80aa-f3d613ad59a7/resourcegroups/j1dev/providers/microsoft.keyvault/vaults/ndowmon1-j1dev",
  "score": 5,
  "severity": "Low",
  "shortDescriptionProblem": "Diagnostic logs in Key Vault should be enabled",
  "shortDescriptionSolution": "Diagnostic logs in Key Vault should be enabled",
  "source": "/subscriptions/d3803fd6-2ba4-4286-80aa-f3d613ad59a7/resourcegroups/j1dev/providers/microsoft.keyvault/vaults/ndowmon1-j1dev/providers/Microsoft.Security/assessments/88bbc99c-e5af-ddd7-6105-6150b2bfa519",
  "targets": [
    "Microsoft.KeyVault/vaults",
    "ndowmon1-j1dev",
  ],
  "type": "Microsoft.Advisor/recommendations",
  "updatedOn": 1602165183299,
  "webLink": "https://portal.azure.com/#@something.onmicrosoft.com/resource/subscriptions/d3803fd6-2ba4-4286-80aa-f3d613ad59a7/resourcegroups/j1dev/providers/microsoft.keyvault/vaults/ndowmon1-j1dev/providers/Microsoft.Advisor/recommendations/55c89362-b09e-3290-9517-b1441e537514",
}
`;
